lhowlett@ISW-LUCAS-P53 MINGW64 ~
$ pwd
/c/Users/lhowlett

lhowlett@ISW-LUCAS-P53 MINGW64 ~
$ cd /c/xampp/htdocs/ticket-to-fitness/

lhowlett@ISW-LUCAS-P53 MINGW64 /c/xampp/htdocs/ticket-to-fitness (master)
$ git fetch upstream
fatal: 'upstream' does not appear to be a git repository
fatal: Could not read from remote repository.

Please make sure you have the correct access rights
and the repository exists.

lhowlett@ISW-LUCAS-P53 MINGW64 /c/xampp/htdocs/ticket-to-fitness (master)
$ git remote -v
origin  https://github.com/LHowlett97/ticket-to-fitness.git (fetch)
origin  https://github.com/LHowlett97/ticket-to-fitness.git (push)

lhowlett@ISW-LUCAS-P53 MINGW64 /c/xampp/htdocs/ticket-to-fitness (master)
$ git remote add upstream https://github.com/kofhearts/ticket-to-fitness.git

lhowlett@ISW-LUCAS-P53 MINGW64 /c/xampp/htdocs/ticket-to-fitness (master)
$ git remote -v
origin  https://github.com/LHowlett97/ticket-to-fitness.git (fetch)
origin  https://github.com/LHowlett97/ticket-to-fitness.git (push)
upstream        https://github.com/kofhearts/ticket-to-fitness.git (fetch)
upstream        https://github.com/kofhearts/ticket-to-fitness.git (push)

lhowlett@ISW-LUCAS-P53 MINGW64 /c/xampp/htdocs/ticket-to-fitness (master)
$ git fetch upstream
remote: Enumerating objects: 35, done.
remote: Counting objects: 100% (35/35), done.
remote: Compressing objects: 100% (14/14), done.
remote: Total 23 (delta 7), reused 23 (delta 7), pack-reused 0
Unpacking objects: 100% (23/23), 2.63 KiB | 103.00 KiB/s, done.
From https://github.com/kofhearts/ticket-to-fitness
 * [new branch]      master     -> upstream/master

lhowlett@ISW-LUCAS-P53 MINGW64 /c/xampp/htdocs/ticket-to-fitness (master)
$ git merge upstream/master
Merge made by the 'recursive' strategy.

lhowlett@ISW-LUCAS-P53 MINGW64 /c/xampp/htdocs/ticket-to-fitness (master)
$ git push

Unhandled Exception: System.ComponentModel.Win32Exception: Invalid window handle
   at MS.Win32.ManagedWndProcTracker.HookUpDefWindowProc(IntPtr hwnd)
   at MS.Win32.ManagedWndProcTracker.OnAppDomainProcessExit()
   at MS.Internal.ShutDownListener.HandleShutDown(Object sender, EventArgs e)

lhowlett@ISW-LUCAS-P53 MINGW64 /c/xampp/htdocs/ticket-to-fitness (master)
$ git push origin/master
fatal: 'origin/master' does not appear to be a git repository
fatal: Could not read from remote repository.

Please make sure you have the correct access rights
and the repository exists.

lhowlett@ISW-LUCAS-P53 MINGW64 /c/xampp/htdocs/ticket-to-fitness (master)
$ ^C

lhowlett@ISW-LUCAS-P53 MINGW64 /c/xampp/htdocs/ticket-to-fitness (master)
$
